backend/src/index.ts(1,28): error TS2307: Cannot find module 'firebase-functions' or its corresponding type declarations.
backend/src/index.ts(2,24): error TS2307: Cannot find module 'firebase-admin' or its corresponding type declarations.
backend/src/server.ts(1,21): error TS2307: Cannot find module 'express' or its corresponding type declarations.
backend/src/server.ts(2,18): error TS2307: Cannot find module 'cors' or its corresponding type declarations.
backend/src/server.ts(5,25): error TS2307: Cannot find module 'dotenv' or its corresponding type declarations.
components/SEOHelmet.tsx(18,18): error TS2503: Cannot find namespace 'React'.
